// Jest Snapshot v1, https://goo.gl/fbAQLP

exports[`Alert renders basic Alert correctly 1`] = `
<ForwardRef(forwardRef)
  message="这是一个警告框"
  onClose={[MockFunction]}
  theme="warning"
  visible={true}
>
  <LocaleReceiver
    forwardedRef={null}
    message="这是一个警告框"
    onClose={[MockFunction]}
    theme="warning"
    visible={true}
  >
    <AlertExtension
      closable={true}
      hideIcon={false}
      local={
        Object {
          "close": "关闭",
        }
      }
      locale={
        Object {
          "close": "关闭",
        }
      }
      localeCode="zh-cn"
      message="这是一个警告框"
      onClose={[MockFunction]}
      prefixCls="ui-alert"
      theme="warning"
      visible={true}
      width={270}
    >
      <Modal
        animationDuration={300}
        animationType="zoom"
        minWidth={270}
        onMaskClick={[Function]}
        prefixCls="zw-modal"
        shape="rect"
        visible={true}
        width={270}
      >
        <Portal
          containerInfo={
            <div>
              <div
                class="zw-modal shape-rect fade-enter"
                style="animation-duration: 300ms; position: fixed;"
              >
                <div
                  class="zw-modal--dialog zoom-enter"
                  style="width: 270px; min-width: 270px; animation-duration: 300ms;"
                  tabindex="-1"
                >
                  <div
                    class="zw-modal-body"
                    style="height: auto;"
                  >
                    <div
                      class="ui-alert"
                    >
                      <i
                        class="za-icon za-icon-warning-round theme-warning"
                      />
                      <span>
                        这是一个警告框
                      </span>
                    </div>
                  </div>
                  <div
                    class="zw-modal-footer"
                  >
                    <button
                      class="zw-button zw-button--default zw-button--radius"
                      type="button"
                    >
                      关闭
                    </button>
                  </div>
                </div>
              </div>
            </div>
          }
        >
          <div
            className="zw-modal shape-rect fade-enter"
            onClick={[Function]}
            style={
              Object {
                "animationDuration": "300ms",
                "position": "fixed",
              }
            }
          >
            <div
              className="zw-modal--dialog zoom-enter"
              onClick={[Function]}
              onKeyDown={[Function]}
              onKeyPress={[Function]}
              style={
                Object {
                  "animationDuration": "300ms",
                  "maxWidth": undefined,
                  "minWidth": 270,
                  "width": 270,
                }
              }
              tabIndex={-1}
            >
              <ModalBody
                height="auto"
                prefixCls="zw-modal"
              >
                <div
                  className="zw-modal-body"
                  style={
                    Object {
                      "height": "auto",
                    }
                  }
                >
                  <div
                    className="ui-alert"
                  >
                    <Icon
                      className=""
                      onClick={[Function]}
                      prefixCls="za-icon"
                      style={Object {}}
                      theme="warning"
                      type="warning-round"
                    >
                      <i
                        className="za-icon za-icon-warning-round theme-warning"
                        onClick={[Function]}
                        style={Object {}}
                      />
                    </Icon>
                    <span>
                      这是一个警告框
                    </span>
                  </div>
                </div>
              </ModalBody>
              <ModalFooter
                prefixCls="zw-modal"
              >
                <div
                  className="zw-modal-footer"
                >
                  <Button
                    block={false}
                    disabled={false}
                    ghost={false}
                    htmlType="button"
                    loading={false}
                    onClick={[MockFunction]}
                    prefixCls="zw-button"
                    shape="radius"
                    size={null}
                    theme="default"
                  >
                    <button
                      className="zw-button zw-button--default zw-button--radius"
                      disabled={false}
                      onClick={[Function]}
                      type="button"
                    >
                      关闭
                    </button>
                  </Button>
                </div>
              </ModalFooter>
            </div>
          </div>
        </Portal>
      </Modal>
    </AlertExtension>
  </LocaleReceiver>
</ForwardRef(forwardRef)>
`;
